[group-start] edge_sparsemax_memory_phase15 2026-04-22T17:58:35+08:00 source=/mnt/nvme/projects/R-HAN/outputs/stage2_final_design_edge_sparsemax_memory_phase15_20260422_175750/code/edge_sparsemax_memory_phase15_source output=/mnt/nvme/projects/R-HAN/outputs/stage2_final_design_edge_sparsemax_memory_phase15_20260422_175750/edge_sparsemax_memory_phase15_mbpp_humaneval_3x
[group-cmd] /home/maozhifang/miniconda3/bin/python /mnt/nvme/projects/R-HAN/outputs/stage2_final_design_edge_sparsemax_memory_phase15_20260422_175750/code/edge_sparsemax_memory_phase15_source/Stage2-GCR+/run_stage2_gcr_plus_parallel.py --data-root /mnt/nvme/projects/R-HAN/dataset/mas_treesearch_aflow_four_20260318 --output-root /mnt/nvme/projects/R-HAN/outputs/stage2_final_design_edge_sparsemax_memory_phase15_20260422_175750/edge_sparsemax_memory_phase15_mbpp_humaneval_3x --dataset mbpp --dataset humaneval --workers 3 --mode 3x --x3-backend b1=http://127.0.0.1:8041@1 --x3-backend b2=http://127.0.0.1:8042@1 --x3-backend b3=http://127.0.0.1:8043@1 --router-port 8104 --python-bin /home/maozhifang/miniconda3/bin/python --train-script train_mas_stage2_v4_4_target_suite.py --cwd /mnt/nvme/projects/R-HAN/outputs/stage2_final_design_edge_sparsemax_memory_phase15_20260422_175750/code/edge_sparsemax_memory_phase15_source --train-arg=--resume --train-arg=--seed\ 7 --train-arg=--search-iterations\ 8 --train-arg=--candidate-core-k\ 4 --train-arg=--candidate-explore-k\ 3 --train-arg=--candidate-max-k\ 8 --train-arg=--tier1-repeats\ 1 --train-arg=--tier2-repeats\ 1 --train-arg=--stage2-turn-count\ 5 --train-arg=--memory-top-k\ 4 --train-arg=--soft-prune-top-k\ 3 --train-arg=--soft-prune-threshold\ 0.38 --train-arg=--hard-prune-after-turn\ 4 --train-arg=--periodic-every\ 1000000 --train-arg=--periodic-size\ 0 --train-arg=--max-train\ -1 --train-arg=--max-validation\ 0 --train-arg=--max-test\ 0 --train-arg=--stage1-checkpoint-root\ /mnt/nvme/projects/R-HAN/outputs/stage1_selected_ckpts_v2_20260330 --train-arg=--tier1-max-tokens\ 256 --train-arg=--tier2-max-tokens\ 896 
{
  "mode_requested": "3x",
  "mode_resolved": "3x",
  "mbpp_gate": {
    "ready": false,
    "status": "missing",
    "reason": "mbpp progress path not provided",
    "progress_path": ""
  },
  "datasets": [
    "mbpp",
    "humaneval"
  ],
  "workers": 3,
  "base_url": "http://127.0.0.1:8104",
  "train_script": "train_mas_stage2_v4_4_target_suite.py",
  "worker_results": [
    {
      "worker_index": 0,
      "command": [
        "/home/maozhifang/miniconda3/bin/python",
        "train_mas_stage2_v4_4_target_suite.py",
        "--data-root",
        "/mnt/nvme/projects/R-HAN/outputs/stage2_final_design_edge_sparsemax_memory_phase15_20260422_175750/edge_sparsemax_memory_phase15_mbpp_humaneval_3x/sample_shards/shard_0",
        "--output-root",
        "/mnt/nvme/projects/R-HAN/outputs/stage2_final_design_edge_sparsemax_memory_phase15_20260422_175750/edge_sparsemax_memory_phase15_mbpp_humaneval_3x/workers/worker_0",
        "--dataset",
        "mbpp",
        "--dataset",
        "humaneval",
        "--resume",
        "--seed",
        "7",
        "--search-iterations",
        "8",
        "--candidate-core-k",
        "4",
        "--candidate-explore-k",
        "3",
        "--candidate-max-k",
        "8",
        "--tier1-repeats",
        "1",
        "--tier2-repeats",
        "1",
        "--stage2-turn-count",
        "5",
        "--memory-top-k",
        "4",
        "--soft-prune-top-k",
        "3",
        "--soft-prune-threshold",
        "0.38",
        "--hard-prune-after-turn",
        "4",
        "--periodic-every",
        "1000000",
        "--periodic-size",
        "0",
        "--max-train",
        "-1",
        "--max-validation",
        "0",
        "--max-test",
        "0",
        "--stage1-checkpoint-root",
        "/mnt/nvme/projects/R-HAN/outputs/stage1_selected_ckpts_v2_20260330",
        "--tier1-max-tokens",
        "256",
        "--tier2-max-tokens",
        "896"
      ],
      "log_path": "/mnt/nvme/projects/R-HAN/outputs/stage2_final_design_edge_sparsemax_memory_phase15_20260422_175750/edge_sparsemax_memory_phase15_mbpp_humaneval_3x/logs/worker_0.log",
      "returncode": 0,
      "base_url": "http://127.0.0.1:8104"
    },
    {
      "worker_index": 1,
      "command": [
        "/home/maozhifang/miniconda3/bin/python",
        "train_mas_stage2_v4_4_target_suite.py",
        "--data-root",
        "/mnt/nvme/projects/R-HAN/outputs/stage2_final_design_edge_sparsemax_memory_phase15_20260422_175750/edge_sparsemax_memory_phase15_mbpp_humaneval_3x/sample_shards/shard_1",
        "--output-root",
        "/mnt/nvme/projects/R-HAN/outputs/stage2_final_design_edge_sparsemax_memory_phase15_20260422_175750/edge_sparsemax_memory_phase15_mbpp_humaneval_3x/workers/worker_1",
        "--dataset",
        "mbpp",
        "--dataset",
        "humaneval",
        "--resume",
        "--seed",
        "7",
        "--search-iterations",
        "8",
        "--candidate-core-k",
        "4",
        "--candidate-explore-k",
        "3",
        "--candidate-max-k",
        "8",
        "--tier1-repeats",
        "1",
        "--tier2-repeats",
        "1",
        "--stage2-turn-count",
        "5",
        "--memory-top-k",
        "4",
        "--soft-prune-top-k",
        "3",
        "--soft-prune-threshold",
        "0.38",
        "--hard-prune-after-turn",
        "4",
        "--periodic-every",
        "1000000",
        "--periodic-size",
        "0",
        "--max-train",
        "-1",
        "--max-validation",
        "0",
        "--max-test",
        "0",
        "--stage1-checkpoint-root",
        "/mnt/nvme/projects/R-HAN/outputs/stage1_selected_ckpts_v2_20260330",
        "--tier1-max-tokens",
        "256",
        "--tier2-max-tokens",
        "896"
      ],
      "log_path": "/mnt/nvme/projects/R-HAN/outputs/stage2_final_design_edge_sparsemax_memory_phase15_20260422_175750/edge_sparsemax_memory_phase15_mbpp_humaneval_3x/logs/worker_1.log",
      "returncode": 0,
      "base_url": "http://127.0.0.1:8104"
    },
    {
      "worker_index": 2,
      "command": [
        "/home/maozhifang/miniconda3/bin/python",
        "train_mas_stage2_v4_4_target_suite.py",
        "--data-root",
        "/mnt/nvme/projects/R-HAN/outputs/stage2_final_design_edge_sparsemax_memory_phase15_20260422_175750/edge_sparsemax_memory_phase15_mbpp_humaneval_3x/sample_shards/shard_2",
        "--output-root",
        "/mnt/nvme/projects/R-HAN/outputs/stage2_final_design_edge_sparsemax_memory_phase15_20260422_175750/edge_sparsemax_memory_phase15_mbpp_humaneval_3x/workers/worker_2",
        "--dataset",
        "mbpp",
        "--dataset",
        "humaneval",
        "--resume",
        "--seed",
        "7",
        "--search-iterations",
        "8",
        "--candidate-core-k",
        "4",
        "--candidate-explore-k",
        "3",
        "--candidate-max-k",
        "8",
        "--tier1-repeats",
        "1",
        "--tier2-repeats",
        "1",
        "--stage2-turn-count",
        "5",
        "--memory-top-k",
        "4",
        "--soft-prune-top-k",
        "3",
        "--soft-prune-threshold",
        "0.38",
        "--hard-prune-after-turn",
        "4",
        "--periodic-every",
        "1000000",
        "--periodic-size",
        "0",
        "--max-train",
        "-1",
        "--max-validation",
        "0",
        "--max-test",
        "0",
        "--stage1-checkpoint-root",
        "/mnt/nvme/projects/R-HAN/outputs/stage1_selected_ckpts_v2_20260330",
        "--tier1-max-tokens",
        "256",
        "--tier2-max-tokens",
        "896"
      ],
      "log_path": "/mnt/nvme/projects/R-HAN/outputs/stage2_final_design_edge_sparsemax_memory_phase15_20260422_175750/edge_sparsemax_memory_phase15_mbpp_humaneval_3x/logs/worker_2.log",
      "returncode": 0,
      "base_url": "http://127.0.0.1:8104"
    }
  ]
}
[group-done] edge_sparsemax_memory_phase15 2026-04-23T02:33:56+08:00
