[2026-04-21T23:38:20+08:00] topk_baseline: active process detected; waiting
[2026-04-21T23:38:52+08:00] topk_baseline: active process detected; waiting
[2026-04-21T23:39:52+08:00] topk_baseline: active process detected; waiting
[2026-04-21T23:40:52+08:00] topk_baseline: active process detected; waiting
[2026-04-21T23:41:53+08:00] topk_baseline: active process detected; waiting
[2026-04-21T23:42:53+08:00] topk_baseline: active process detected; waiting
[2026-04-21T23:43:53+08:00] topk_baseline: active process detected; waiting
[2026-04-21T23:44:53+08:00] topk_baseline: active process detected; waiting
[2026-04-21T23:45:53+08:00] topk_baseline: active process detected; waiting
[2026-04-21T23:46:54+08:00] topk_baseline: active process detected; waiting
[2026-04-21T23:47:54+08:00] topk_baseline: active process detected; waiting
[2026-04-21T23:48:54+08:00] topk_baseline: active process detected; waiting
[2026-04-21T23:49:54+08:00] topk_baseline: active process detected; waiting
[2026-04-21T23:50:54+08:00] topk_baseline: active process detected; waiting
[2026-04-21T23:51:55+08:00] topk_baseline: active process detected; waiting
[2026-04-21T23:52:55+08:00] topk_baseline: active process detected; waiting
[2026-04-21T23:53:55+08:00] topk_baseline: active process detected; waiting
[2026-04-21T23:54:55+08:00] topk_baseline: active process detected; waiting
[2026-04-21T23:55:55+08:00] topk_baseline: active process detected; waiting
[2026-04-21T23:56:56+08:00] topk_baseline: active process detected; waiting
[2026-04-21T23:57:56+08:00] topk_baseline: active process detected; waiting
[2026-04-21T23:58:56+08:00] topk_baseline: active process detected; waiting
[2026-04-21T23:59:56+08:00] topk_baseline: active process detected; waiting
[2026-04-22T00:00:56+08:00] topk_baseline: active process detected; waiting
[2026-04-22T00:01:57+08:00] topk_baseline: active process detected; waiting
[2026-04-22T00:02:57+08:00] topk_baseline: active process detected; waiting
[2026-04-22T00:03:57+08:00] topk_baseline: active process detected; waiting
[2026-04-22T00:04:57+08:00] topk_baseline: active process detected; waiting
[2026-04-22T00:05:57+08:00] topk_baseline: active process detected; waiting
[2026-04-22T00:06:57+08:00] topk_baseline: active process detected; waiting
[2026-04-22T00:07:58+08:00] topk_baseline: active process detected; waiting
[2026-04-22T00:08:58+08:00] topk_baseline: active process detected; waiting
[2026-04-22T00:09:58+08:00] topk_baseline: active process detected; waiting
[2026-04-22T00:10:58+08:00] topk_baseline: active process detected; waiting
[2026-04-22T00:11:58+08:00] topk_baseline: active process detected; waiting
[2026-04-22T00:12:59+08:00] topk_baseline: active process detected; waiting
[2026-04-22T00:13:59+08:00] topk_baseline: active process detected; waiting
[2026-04-22T00:14:59+08:00] topk_baseline: active process detected; waiting
[2026-04-22T00:15:59+08:00] topk_baseline: active process detected; waiting
[2026-04-22T00:16:59+08:00] topk_baseline: active process detected; waiting
[2026-04-22T00:18:00+08:00] topk_baseline: active process detected; waiting
[2026-04-22T00:19:00+08:00] topk_baseline: active process detected; waiting
[2026-04-22T00:20:00+08:00] topk_baseline: active process detected; waiting
[2026-04-22T00:21:00+08:00] topk_baseline: active process detected; waiting
[2026-04-22T00:22:00+08:00] topk_baseline: active process detected; waiting
[2026-04-22T00:23:01+08:00] topk_baseline: active process detected; waiting
[2026-04-22T00:24:01+08:00] topk_baseline: active process detected; waiting
[2026-04-22T00:25:01+08:00] topk_baseline: active process detected; waiting
[2026-04-22T00:26:01+08:00] topk_baseline: active process detected; waiting
[2026-04-22T00:27:01+08:00] topk_baseline: active process detected; waiting
[2026-04-22T00:28:01+08:00] topk_baseline: active process detected; waiting
[2026-04-22T00:29:02+08:00] topk_baseline: active process detected; waiting
[2026-04-22T00:30:02+08:00] topk_baseline: active process detected; waiting
[2026-04-22T00:31:02+08:00] topk_baseline: active process detected; waiting
[2026-04-22T00:32:02+08:00] topk_baseline: active process detected; waiting
[2026-04-22T00:33:02+08:00] topk_baseline: active process detected; waiting
[2026-04-22T00:34:03+08:00] topk_baseline: active process detected; waiting
[2026-04-22T00:35:03+08:00] topk_baseline: active process detected; waiting
[2026-04-22T00:36:03+08:00] topk_baseline: active process detected; waiting
[2026-04-22T00:37:03+08:00] topk_baseline: active process detected; waiting
[2026-04-22T00:38:03+08:00] topk_baseline: active process detected; waiting
[2026-04-22T00:39:04+08:00] topk_baseline: active process detected; waiting
[2026-04-22T00:40:04+08:00] topk_baseline: active process detected; waiting
[2026-04-22T00:41:04+08:00] topk_baseline: active process detected; waiting
[2026-04-22T00:42:04+08:00] topk_baseline: active process detected; waiting
[2026-04-22T00:43:04+08:00] topk_baseline: active process detected; waiting
[2026-04-22T00:44:05+08:00] topk_baseline: active process detected; waiting
[2026-04-22T00:45:05+08:00] topk_baseline: active process detected; waiting
[2026-04-22T00:46:05+08:00] topk_baseline: active process detected; waiting
[2026-04-22T00:47:05+08:00] topk_baseline: active process detected; waiting
[2026-04-22T00:48:05+08:00] topk_baseline: active process detected; waiting
[2026-04-22T00:49:06+08:00] topk_baseline: active process detected; waiting
[2026-04-22T00:50:06+08:00] topk_baseline: active process detected; waiting
[2026-04-22T00:51:06+08:00] topk_baseline: active process detected; waiting
[2026-04-22T00:52:06+08:00] topk_baseline: active process detected; waiting
[2026-04-22T00:53:06+08:00] topk_baseline: active process detected; waiting
[2026-04-22T00:54:06+08:00] topk_baseline: active process detected; waiting
[2026-04-22T00:55:07+08:00] topk_baseline: active process detected; waiting
[2026-04-22T00:56:07+08:00] topk_baseline: active process detected; waiting
[2026-04-22T00:57:07+08:00] topk_baseline: active process detected; waiting
[2026-04-22T00:58:07+08:00] topk_baseline: active process detected; waiting
[2026-04-22T00:59:07+08:00] topk_baseline: active process detected; waiting
[2026-04-22T01:00:08+08:00] topk_baseline: active process detected; waiting
[2026-04-22T01:01:08+08:00] topk_baseline: active process detected; waiting
[2026-04-22T01:02:08+08:00] topk_baseline: active process detected; waiting
[2026-04-22T01:03:08+08:00] topk_baseline: active process detected; waiting
[2026-04-22T01:04:08+08:00] topk_baseline: active process detected; waiting
[2026-04-22T01:05:08+08:00] topk_baseline: active process detected; waiting
[2026-04-22T01:06:09+08:00] topk_baseline: active process detected; waiting
[2026-04-22T01:07:09+08:00] topk_baseline: active process detected; waiting
[2026-04-22T01:08:09+08:00] topk_baseline: active process detected; waiting
[2026-04-22T01:09:09+08:00] topk_baseline: active process detected; waiting
[2026-04-22T01:10:09+08:00] topk_baseline: active process detected; waiting
[2026-04-22T01:11:10+08:00] topk_baseline: active process detected; waiting
[2026-04-22T01:12:10+08:00] topk_baseline: active process detected; waiting
[2026-04-22T01:13:10+08:00] topk_baseline: active process detected; waiting
[2026-04-22T01:14:10+08:00] topk_baseline: active process detected; waiting
[2026-04-22T01:15:10+08:00] topk_baseline: active process detected; waiting
[2026-04-22T01:16:10+08:00] topk_baseline: active process detected; waiting
[2026-04-22T01:17:11+08:00] topk_baseline: active process detected; waiting
[2026-04-22T01:18:11+08:00] topk_baseline: active process detected; waiting
[2026-04-22T01:19:11+08:00] topk_baseline: active process detected; waiting
[2026-04-22T01:20:11+08:00] topk_baseline: active process detected; waiting
[2026-04-22T01:21:11+08:00] topk_baseline: active process detected; waiting
[2026-04-22T01:22:12+08:00] topk_baseline: active process detected; waiting
[2026-04-22T01:23:12+08:00] topk_baseline: active process detected; waiting
[2026-04-22T01:24:12+08:00] topk_baseline: active process detected; waiting
[2026-04-22T01:25:12+08:00] topk_baseline: active process detected; waiting
[2026-04-22T01:26:12+08:00] topk_baseline: active process detected; waiting
[2026-04-22T01:27:13+08:00] topk_baseline: active process detected; waiting
[2026-04-22T01:28:13+08:00] topk_baseline: active process detected; waiting
[2026-04-22T01:29:13+08:00] topk_baseline: active process detected; waiting
[2026-04-22T01:30:13+08:00] topk_baseline: active process detected; waiting
[2026-04-22T01:31:13+08:00] topk_baseline: active process detected; waiting
[2026-04-22T01:32:13+08:00] topk_baseline: active process detected; waiting
[2026-04-22T01:33:14+08:00] topk_baseline: active process detected; waiting
[2026-04-22T01:34:14+08:00] topk_baseline: active process detected; waiting
[2026-04-22T01:35:14+08:00] topk_baseline: active process detected; waiting
[2026-04-22T01:36:14+08:00] topk_baseline: active process detected; waiting
[2026-04-22T01:37:15+08:00] topk_baseline: active process detected; waiting
[2026-04-22T01:38:15+08:00] topk_baseline: active process detected; waiting
[2026-04-22T01:39:15+08:00] topk_baseline: active process detected; waiting
[2026-04-22T01:40:15+08:00] topk_baseline: active process detected; waiting
[2026-04-22T01:41:15+08:00] topk_baseline: active process detected; waiting
[2026-04-22T01:42:16+08:00] topk_baseline: active process detected; waiting
[2026-04-22T01:43:16+08:00] topk_baseline: active process detected; waiting
[2026-04-22T01:44:16+08:00] topk_baseline: active process detected; waiting
[2026-04-22T01:45:16+08:00] topk_baseline: active process detected; waiting
[2026-04-22T01:46:16+08:00] topk_baseline: active process detected; waiting
[2026-04-22T01:47:17+08:00] topk_baseline: active process detected; waiting
[2026-04-22T01:48:17+08:00] topk_baseline: active process detected; waiting
[2026-04-22T01:49:17+08:00] topk_baseline: active process detected; waiting
[2026-04-22T01:50:17+08:00] topk_baseline: active process detected; waiting
[2026-04-22T01:51:17+08:00] topk_baseline: active process detected; waiting
[2026-04-22T01:52:17+08:00] topk_baseline: active process detected; waiting
[2026-04-22T01:53:18+08:00] topk_baseline: active process detected; waiting
[2026-04-22T01:54:18+08:00] topk_baseline: active process detected; waiting
[2026-04-22T01:55:18+08:00] topk_baseline: active process detected; waiting
[2026-04-22T01:56:18+08:00] topk_baseline: active process detected; waiting
[2026-04-22T01:57:18+08:00] topk_baseline: active process detected; waiting
[2026-04-22T01:58:19+08:00] topk_baseline: active process detected; waiting
[2026-04-22T01:59:19+08:00] topk_baseline: active process detected; waiting
[2026-04-22T02:00:19+08:00] topk_baseline: active process detected; waiting
[2026-04-22T02:01:19+08:00] topk_baseline: active process detected; waiting
[2026-04-22T02:02:19+08:00] topk_baseline: active process detected; waiting
[2026-04-22T02:03:19+08:00] topk_baseline: active process detected; waiting
[2026-04-22T02:04:20+08:00] topk_baseline: active process detected; waiting
[2026-04-22T02:05:20+08:00] topk_baseline: active process detected; waiting
[2026-04-22T02:06:20+08:00] topk_baseline: active process detected; waiting
[2026-04-22T02:07:20+08:00] topk_baseline: active process detected; waiting
[2026-04-22T02:08:20+08:00] topk_baseline: active process detected; waiting
[2026-04-22T02:09:21+08:00] topk_baseline: active process detected; waiting
[2026-04-22T02:10:21+08:00] topk_baseline: active process detected; waiting
[2026-04-22T02:11:21+08:00] topk_baseline: active process detected; waiting
[2026-04-22T02:12:21+08:00] topk_baseline: active process detected; waiting
[2026-04-22T02:13:21+08:00] topk_baseline: active process detected; waiting
[2026-04-22T02:14:22+08:00] topk_baseline: active process detected; waiting
[2026-04-22T02:15:22+08:00] topk_baseline: active process detected; waiting
[2026-04-22T02:16:22+08:00] topk_baseline: active process detected; waiting
[2026-04-22T02:17:22+08:00] topk_baseline: active process detected; waiting
[2026-04-22T02:18:22+08:00] topk_baseline: active process detected; waiting
[2026-04-22T02:19:23+08:00] topk_baseline: active process detected; waiting
[2026-04-22T02:20:23+08:00] topk_baseline: active process detected; waiting
[2026-04-22T02:21:23+08:00] topk_baseline: active process detected; waiting
[2026-04-22T02:22:23+08:00] topk_baseline: active process detected; waiting
[2026-04-22T02:23:23+08:00] topk_baseline: active process detected; waiting
[2026-04-22T02:24:24+08:00] topk_baseline: active process detected; waiting
[2026-04-22T02:25:24+08:00] topk_baseline: active process detected; waiting
[2026-04-22T02:26:24+08:00] topk_baseline: active process detected; waiting
[2026-04-22T02:27:24+08:00] topk_baseline: active process detected; waiting
[2026-04-22T02:28:24+08:00] topk_baseline: active process detected; waiting
[2026-04-22T02:29:24+08:00] topk_baseline: active process detected; waiting
[2026-04-22T02:30:25+08:00] topk_baseline: active process detected; waiting
[2026-04-22T02:31:25+08:00] topk_baseline: active process detected; waiting
[2026-04-22T02:32:25+08:00] topk_baseline: active process detected; waiting
[2026-04-22T02:33:25+08:00] topk_baseline: active process detected; waiting
[2026-04-22T02:34:25+08:00] topk_baseline: active process detected; waiting
[2026-04-22T02:35:26+08:00] topk_baseline: active process detected; waiting
[2026-04-22T02:36:26+08:00] topk_baseline: active process detected; waiting
[2026-04-22T02:37:26+08:00] topk_baseline: active process detected; waiting
[2026-04-22T02:38:26+08:00] topk_baseline: active process detected; waiting
[2026-04-22T02:39:26+08:00] topk_baseline: active process detected; waiting
[2026-04-22T02:40:27+08:00] topk_baseline: active process detected; waiting
[2026-04-22T02:41:27+08:00] topk_baseline: active process detected; waiting
[2026-04-22T02:42:27+08:00] topk_baseline: active process detected; waiting
[2026-04-22T02:43:27+08:00] topk_baseline: active process detected; waiting
[2026-04-22T02:44:27+08:00] topk_baseline: active process detected; waiting
[2026-04-22T02:45:27+08:00] topk_baseline: active process detected; waiting
[2026-04-22T02:46:28+08:00] topk_baseline: active process detected; waiting
[2026-04-22T02:47:28+08:00] topk_baseline: active process detected; waiting
[2026-04-22T02:48:28+08:00] topk_baseline: active process detected; waiting
[2026-04-22T02:49:28+08:00] topk_baseline: active process detected; waiting
[2026-04-22T02:50:28+08:00] topk_baseline: active process detected; waiting
[2026-04-22T02:51:29+08:00] topk_baseline: active process detected; waiting
[2026-04-22T02:52:29+08:00] topk_baseline: active process detected; waiting
[2026-04-22T02:53:29+08:00] topk_baseline: active process detected; waiting
[2026-04-22T02:54:29+08:00] topk_baseline: active process detected; waiting
[2026-04-22T02:55:29+08:00] topk_baseline: active process detected; waiting
[2026-04-22T02:56:30+08:00] topk_baseline: active process detected; waiting
[2026-04-22T02:57:30+08:00] topk_baseline: active process detected; waiting
[2026-04-22T02:58:30+08:00] topk_baseline: active process detected; waiting
[2026-04-22T02:59:30+08:00] topk_baseline: active process detected; waiting
[2026-04-22T03:00:30+08:00] topk_baseline: active process detected; waiting
[2026-04-22T03:01:30+08:00] topk_baseline: active process detected; waiting
[2026-04-22T03:02:31+08:00] topk_baseline: active process detected; waiting
[2026-04-22T03:03:31+08:00] topk_baseline: active process detected; waiting
[2026-04-22T03:04:31+08:00] topk_baseline: active process detected; waiting
[2026-04-22T03:05:31+08:00] topk_baseline: active process detected; waiting
[2026-04-22T03:06:31+08:00] topk_baseline: active process detected; waiting
[2026-04-22T03:07:31+08:00] topk_baseline: active process detected; waiting
[2026-04-22T03:08:32+08:00] topk_baseline: active process detected; waiting
[2026-04-22T03:09:32+08:00] topk_baseline: active process detected; waiting
[2026-04-22T03:10:32+08:00] topk_baseline: active process detected; waiting
[2026-04-22T03:11:32+08:00] topk_baseline: active process detected; waiting
[2026-04-22T03:12:32+08:00] topk_baseline: active process detected; waiting
[2026-04-22T03:13:32+08:00] topk_baseline: active process detected; waiting
[2026-04-22T03:14:33+08:00] topk_baseline: active process detected; waiting
[2026-04-22T03:15:33+08:00] topk_baseline: active process detected; waiting
[2026-04-22T03:16:33+08:00] topk_baseline: active process detected; waiting
[2026-04-22T03:17:33+08:00] topk_baseline: active process detected; waiting
[2026-04-22T03:18:33+08:00] topk_baseline: active process detected; waiting
[2026-04-22T03:19:34+08:00] topk_baseline: active process detected; waiting
[2026-04-22T03:20:34+08:00] topk_baseline: active process detected; waiting
[2026-04-22T03:21:34+08:00] topk_baseline: active process detected; waiting
[2026-04-22T03:22:34+08:00] topk_baseline: active process detected; waiting
[2026-04-22T03:23:34+08:00] topk_baseline: active process detected; waiting
[2026-04-22T03:24:34+08:00] topk_baseline: active process detected; waiting
[2026-04-22T03:25:35+08:00] topk_baseline: active process detected; waiting
[2026-04-22T03:26:35+08:00] topk_baseline: active process detected; waiting
[2026-04-22T03:27:35+08:00] topk_baseline: active process detected; waiting
[2026-04-22T03:28:35+08:00] topk_baseline: active process detected; waiting
[2026-04-22T03:29:35+08:00] topk_baseline: active process detected; waiting
[2026-04-22T03:30:36+08:00] topk_baseline: active process detected; waiting
[2026-04-22T03:31:36+08:00] topk_baseline: active process detected; waiting
[2026-04-22T03:32:36+08:00] topk_baseline: active process detected; waiting
[2026-04-22T03:33:36+08:00] topk_baseline: active process detected; waiting
[2026-04-22T03:34:36+08:00] topk_baseline: active process detected; waiting
[2026-04-22T03:35:36+08:00] topk_baseline: active process detected; waiting
[2026-04-22T03:36:37+08:00] topk_baseline: active process detected; waiting
[2026-04-22T03:37:37+08:00] topk_baseline: active process detected; waiting
[2026-04-22T03:38:37+08:00] topk_baseline: active process detected; waiting
[2026-04-22T03:39:37+08:00] topk_baseline: active process detected; waiting
[2026-04-22T03:40:37+08:00] topk_baseline: active process detected; waiting
[2026-04-22T03:41:38+08:00] topk_baseline: active process detected; waiting
[2026-04-22T03:42:38+08:00] topk_baseline: active process detected; waiting
[2026-04-22T03:43:38+08:00] topk_baseline: active process detected; waiting
[2026-04-22T03:44:38+08:00] topk_baseline: active process detected; waiting
[2026-04-22T03:45:38+08:00] topk_baseline: active process detected; waiting
[2026-04-22T03:46:39+08:00] topk_baseline: active process detected; waiting
[2026-04-22T03:47:39+08:00] topk_baseline: active process detected; waiting
[2026-04-22T03:48:39+08:00] topk_baseline: active process detected; waiting
[2026-04-22T03:49:39+08:00] topk_baseline: active process detected; waiting
[2026-04-22T03:50:39+08:00] topk_baseline: active process detected; waiting
[2026-04-22T03:51:40+08:00] topk_baseline: active process detected; waiting
[2026-04-22T03:52:40+08:00] topk_baseline: active process detected; waiting
[2026-04-22T03:53:40+08:00] topk_baseline: active process detected; waiting
[2026-04-22T03:54:40+08:00] topk_baseline: active process detected; waiting
[2026-04-22T03:55:40+08:00] topk_baseline: active process detected; waiting
[2026-04-22T03:56:41+08:00] topk_baseline: active process detected; waiting
[2026-04-22T03:57:41+08:00] topk_baseline: active process detected; waiting
[2026-04-22T03:58:41+08:00] topk_baseline: active process detected; waiting
[2026-04-22T03:59:41+08:00] topk_baseline: active process detected; waiting
[2026-04-22T04:00:41+08:00] topk_baseline: active process detected; waiting
[2026-04-22T04:01:42+08:00] topk_baseline: active process detected; waiting
[2026-04-22T04:02:42+08:00] topk_baseline: active process detected; waiting
[2026-04-22T04:03:42+08:00] topk_baseline: active process detected; waiting
[2026-04-22T04:04:42+08:00] topk_baseline: active process detected; waiting
[2026-04-22T04:05:42+08:00] topk_baseline: active process detected; waiting
[2026-04-22T04:06:43+08:00] topk_baseline: active process detected; waiting
[2026-04-22T04:07:43+08:00] topk_baseline: active process detected; waiting
[2026-04-22T04:08:43+08:00] topk_baseline: active process detected; waiting
[2026-04-22T04:09:43+08:00] topk_baseline: active process detected; waiting
[2026-04-22T04:10:43+08:00] topk_baseline: active process detected; waiting
[2026-04-22T04:11:44+08:00] topk_baseline: active process detected; waiting
[2026-04-22T04:12:44+08:00] topk_baseline: active process detected; waiting
[2026-04-22T04:13:44+08:00] topk_baseline: active process detected; waiting
[2026-04-22T04:14:44+08:00] topk_baseline: active process detected; waiting
[2026-04-22T04:15:44+08:00] topk_baseline: active process detected; waiting
[2026-04-22T04:16:45+08:00] topk_baseline: active process detected; waiting
[2026-04-22T04:17:45+08:00] topk_baseline: active process detected; waiting
[2026-04-22T04:18:45+08:00] topk_baseline: active process detected; waiting
[2026-04-22T04:19:45+08:00] topk_baseline: active process detected; waiting
[2026-04-22T04:20:45+08:00] topk_baseline: active process detected; waiting
[2026-04-22T04:21:46+08:00] topk_baseline: active process detected; waiting
[2026-04-22T04:22:46+08:00] topk_baseline: active process detected; waiting
[2026-04-22T04:23:46+08:00] topk_baseline: active process detected; waiting
[2026-04-22T04:24:46+08:00] topk_baseline: active process detected; waiting
[2026-04-22T04:25:46+08:00] topk_baseline: active process detected; waiting
[2026-04-22T04:26:46+08:00] topk_baseline: active process detected; waiting
[2026-04-22T04:27:47+08:00] topk_baseline: active process detected; waiting
[2026-04-22T04:28:47+08:00] topk_baseline: active process detected; waiting
[2026-04-22T04:29:47+08:00] topk_baseline: active process detected; waiting
[2026-04-22T04:30:47+08:00] topk_baseline: active process detected; waiting
[2026-04-22T04:31:47+08:00] topk_baseline: active process detected; waiting
[2026-04-22T04:32:48+08:00] topk_baseline: active process detected; waiting
[2026-04-22T04:33:48+08:00] topk_baseline: active process detected; waiting
[2026-04-22T04:34:48+08:00] topk_baseline: active process detected; waiting
[2026-04-22T04:35:48+08:00] topk_baseline: active process detected; waiting
[2026-04-22T04:36:48+08:00] topk_baseline: active process detected; waiting
[2026-04-22T04:37:49+08:00] topk_baseline: active process detected; waiting
[2026-04-22T04:38:49+08:00] topk_baseline: active process detected; waiting
[2026-04-22T04:39:49+08:00] topk_baseline: active process detected; waiting
[2026-04-22T04:40:49+08:00] topk_baseline: active process detected; waiting
[2026-04-22T04:41:49+08:00] topk_baseline: active process detected; waiting
[2026-04-22T04:42:50+08:00] topk_baseline: active process detected; waiting
[2026-04-22T04:43:50+08:00] topk_baseline: active process detected; waiting
[2026-04-22T04:44:50+08:00] topk_baseline: active process detected; waiting
[2026-04-22T04:45:50+08:00] topk_baseline: active process detected; waiting
[2026-04-22T04:46:50+08:00] topk_baseline: active process detected; waiting
[2026-04-22T04:47:50+08:00] topk_baseline: active process detected; waiting
[2026-04-22T04:48:51+08:00] topk_baseline: active process detected; waiting
[2026-04-22T04:49:51+08:00] topk_baseline: active process detected; waiting
[2026-04-22T04:50:51+08:00] topk_baseline: active process detected; waiting
[2026-04-22T04:51:51+08:00] topk_baseline: active process detected; waiting
[2026-04-22T04:52:52+08:00] topk_baseline: active process detected; waiting
[2026-04-22T04:53:52+08:00] topk_baseline: active process detected; waiting
[2026-04-22T04:54:52+08:00] topk_baseline: active process detected; waiting
[2026-04-22T04:55:52+08:00] topk_baseline: active process detected; waiting
[2026-04-22T04:56:52+08:00] topk_baseline: active process detected; waiting
[2026-04-22T04:57:52+08:00] topk_baseline: active process detected; waiting
[2026-04-22T04:58:53+08:00] topk_baseline: active process detected; waiting
[2026-04-22T04:59:53+08:00] topk_baseline: active process detected; waiting
[2026-04-22T05:00:53+08:00] topk_baseline: active process detected; waiting
[2026-04-22T05:01:53+08:00] topk_baseline: active process detected; waiting
[2026-04-22T05:02:53+08:00] topk_baseline: active process detected; waiting
[2026-04-22T05:03:54+08:00] topk_baseline: active process detected; waiting
[2026-04-22T05:04:54+08:00] topk_baseline: active process detected; waiting
[2026-04-22T05:05:54+08:00] topk_baseline: active process detected; waiting
[2026-04-22T05:06:54+08:00] topk_baseline: active process detected; waiting
[2026-04-22T05:07:54+08:00] topk_baseline: active process detected; waiting
[2026-04-22T05:08:54+08:00] topk_baseline: active process detected; waiting
[2026-04-22T05:09:55+08:00] topk_baseline: active process detected; waiting
[2026-04-22T05:10:55+08:00] topk_baseline: active process detected; waiting
[2026-04-22T05:11:55+08:00] topk_baseline: active process detected; waiting
[2026-04-22T05:12:55+08:00] topk_baseline: active process detected; waiting
[2026-04-22T05:13:55+08:00] topk_baseline: active process detected; waiting
[2026-04-22T05:14:56+08:00] topk_baseline: active process detected; waiting
[2026-04-22T05:15:56+08:00] topk_baseline: active process detected; waiting
[2026-04-22T05:16:56+08:00] topk_baseline: active process detected; waiting
[2026-04-22T05:17:56+08:00] topk_baseline: active process detected; waiting
[2026-04-22T05:18:56+08:00] topk_baseline: active process detected; waiting
[2026-04-22T05:19:57+08:00] topk_baseline: active process detected; waiting
[2026-04-22T05:20:57+08:00] topk_baseline: active process detected; waiting
[2026-04-22T05:21:57+08:00] topk_baseline: active process detected; waiting
[2026-04-22T05:22:57+08:00] topk_baseline: active process detected; waiting
[2026-04-22T05:23:57+08:00] topk_baseline: active process detected; waiting
[2026-04-22T05:24:57+08:00] topk_baseline: active process detected; waiting
[2026-04-22T05:25:58+08:00] topk_baseline: active process detected; waiting
[2026-04-22T05:26:58+08:00] topk_baseline: active process detected; waiting
[2026-04-22T05:27:58+08:00] topk_baseline: active process detected; waiting
[2026-04-22T05:28:58+08:00] topk_baseline: active process detected; waiting
[2026-04-22T05:29:58+08:00] topk_baseline: active process detected; waiting
[2026-04-22T05:30:59+08:00] topk_baseline: active process detected; waiting
[2026-04-22T05:31:59+08:00] topk_baseline: active process detected; waiting
[2026-04-22T05:32:59+08:00] topk_baseline: active process detected; waiting
[2026-04-22T05:33:59+08:00] topk_baseline: active process detected; waiting
[2026-04-22T05:34:59+08:00] topk_baseline: active process detected; waiting
[2026-04-22T05:35:59+08:00] topk_baseline: active process detected; waiting
[2026-04-22T05:37:00+08:00] topk_baseline: active process detected; waiting
[2026-04-22T05:38:00+08:00] topk_baseline: active process detected; waiting
[2026-04-22T05:39:00+08:00] topk_baseline: active process detected; waiting
[2026-04-22T05:40:00+08:00] topk_baseline: active process detected; waiting
[2026-04-22T05:41:00+08:00] topk_baseline: active process detected; waiting
[2026-04-22T05:42:01+08:00] topk_baseline: active process detected; waiting
[2026-04-22T05:43:01+08:00] topk_baseline: active process detected; waiting
[2026-04-22T05:44:01+08:00] topk_baseline: active process detected; waiting
[2026-04-22T05:45:01+08:00] topk_baseline: active process detected; waiting
[2026-04-22T05:46:01+08:00] topk_baseline: active process detected; waiting
[2026-04-22T05:47:01+08:00] topk_baseline: active process detected; waiting
[2026-04-22T05:48:02+08:00] topk_baseline: active process detected; waiting
[2026-04-22T05:49:02+08:00] topk_baseline: active process detected; waiting
[2026-04-22T05:50:02+08:00] topk_baseline: active process detected; waiting
[2026-04-22T05:51:02+08:00] topk_baseline: active process detected; waiting
[2026-04-22T05:52:02+08:00] topk_baseline: active process detected; waiting
[2026-04-22T05:53:03+08:00] topk_baseline: active process detected; waiting
[2026-04-22T05:54:03+08:00] topk_baseline: active process detected; waiting
[2026-04-22T05:55:03+08:00] topk_baseline: active process detected; waiting
[2026-04-22T05:56:03+08:00] topk_baseline: active process detected; waiting
[2026-04-22T05:57:03+08:00] topk_baseline: active process detected; waiting
[2026-04-22T05:58:03+08:00] topk_baseline: active process detected; waiting
[2026-04-22T05:59:04+08:00] topk_baseline: active process detected; waiting
[2026-04-22T06:00:04+08:00] topk_baseline: active process detected; waiting
[2026-04-22T06:01:04+08:00] topk_baseline: active process detected; waiting
[2026-04-22T06:02:04+08:00] topk_baseline: active process detected; waiting
[2026-04-22T06:03:04+08:00] topk_baseline: active process detected; waiting
[2026-04-22T06:04:04+08:00] topk_baseline: active process detected; waiting
[2026-04-22T06:05:05+08:00] topk_baseline: active process detected; waiting
[2026-04-22T06:06:05+08:00] topk_baseline: active process detected; waiting
[2026-04-22T06:07:05+08:00] topk_baseline: active process detected; waiting
[2026-04-22T06:08:05+08:00] topk_baseline: active process detected; waiting
[2026-04-22T06:09:05+08:00] topk_baseline: active process detected; waiting
[2026-04-22T06:10:06+08:00] topk_baseline: active process detected; waiting
[2026-04-22T06:11:06+08:00] topk_baseline: active process detected; waiting
[2026-04-22T06:12:06+08:00] topk_baseline: active process detected; waiting
[2026-04-22T06:13:06+08:00] topk_baseline: active process detected; waiting
[2026-04-22T06:14:06+08:00] topk_baseline: active process detected; waiting
[2026-04-22T06:15:07+08:00] topk_baseline: active process detected; waiting
[2026-04-22T06:16:07+08:00] topk_baseline: active process detected; waiting
[2026-04-22T06:17:07+08:00] topk_baseline: active process detected; waiting
[2026-04-22T06:18:07+08:00] topk_baseline: active process detected; waiting
[2026-04-22T06:19:07+08:00] topk_baseline: active process detected; waiting
[2026-04-22T06:20:07+08:00] topk_baseline: active process detected; waiting
[2026-04-22T06:21:08+08:00] topk_baseline: active process detected; waiting
[2026-04-22T06:22:08+08:00] topk_baseline: active process detected; waiting
[2026-04-22T06:23:08+08:00] topk_baseline: active process detected; waiting
[2026-04-22T06:24:08+08:00] topk_baseline: active process detected; waiting
[2026-04-22T06:25:08+08:00] topk_baseline: active process detected; waiting
[2026-04-22T06:26:09+08:00] topk_baseline: active process detected; waiting
[2026-04-22T06:27:09+08:00] topk_baseline: active process detected; waiting
[2026-04-22T06:28:09+08:00] topk_baseline: active process detected; waiting
[2026-04-22T06:29:09+08:00] topk_baseline: active process detected; waiting
[2026-04-22T06:30:09+08:00] topk_baseline: active process detected; waiting
[2026-04-22T06:31:09+08:00] topk_baseline: active process detected; waiting
[2026-04-22T06:32:09+08:00] topk_baseline: active process detected; waiting
[2026-04-22T06:33:10+08:00] topk_baseline: active process detected; waiting
[2026-04-22T06:34:10+08:00] topk_baseline: active process detected; waiting
[2026-04-22T06:35:10+08:00] topk_baseline: active process detected; waiting
[2026-04-22T06:36:10+08:00] topk_baseline: active process detected; waiting
[2026-04-22T06:37:10+08:00] topk_baseline: active process detected; waiting
[2026-04-22T06:38:10+08:00] topk_baseline: active process detected; waiting
[2026-04-22T06:39:11+08:00] topk_baseline: active process detected; waiting
[2026-04-22T06:40:11+08:00] topk_baseline: active process detected; waiting
[2026-04-22T06:41:11+08:00] topk_baseline: active process detected; waiting
[2026-04-22T06:42:11+08:00] topk_baseline: active process detected; waiting
[2026-04-22T06:43:11+08:00] topk_baseline: active process detected; waiting
[2026-04-22T06:44:11+08:00] topk_baseline: active process detected; waiting
[2026-04-22T06:45:12+08:00] topk_baseline: active process detected; waiting
[2026-04-22T06:46:12+08:00] topk_baseline: active process detected; waiting
[2026-04-22T06:47:12+08:00] topk_baseline: active process detected; waiting
[2026-04-22T06:48:12+08:00] topk_baseline: active process detected; waiting
[2026-04-22T06:49:12+08:00] topk_baseline: active process detected; waiting
[2026-04-22T06:50:13+08:00] topk_baseline: active process detected; waiting
[2026-04-22T06:51:13+08:00] topk_baseline: active process detected; waiting
[2026-04-22T06:52:13+08:00] topk_baseline: active process detected; waiting
[2026-04-22T06:53:13+08:00] topk_baseline: active process detected; waiting
[2026-04-22T06:54:13+08:00] topk_baseline: active process detected; waiting
[2026-04-22T06:55:13+08:00] topk_baseline: active process detected; waiting
[2026-04-22T06:56:14+08:00] topk_baseline: active process detected; waiting
[2026-04-22T06:57:14+08:00] topk_baseline: active process detected; waiting
[2026-04-22T06:58:14+08:00] topk_baseline: active process detected; waiting
[2026-04-22T06:59:14+08:00] topk_baseline: active process detected; waiting
[2026-04-22T07:00:14+08:00] topk_baseline: active process detected; waiting
[2026-04-22T07:01:14+08:00] topk_baseline: active process detected; waiting
[2026-04-22T07:02:15+08:00] topk_baseline: active process detected; waiting
[2026-04-22T07:03:15+08:00] topk_baseline: active process detected; waiting
[2026-04-22T07:04:15+08:00] topk_baseline: active process detected; waiting
[2026-04-22T07:05:15+08:00] topk_baseline: active process detected; waiting
[2026-04-22T07:06:15+08:00] topk_baseline: active process detected; waiting
[2026-04-22T07:07:16+08:00] topk_baseline: active process detected; waiting
[2026-04-22T07:08:16+08:00] topk_baseline: active process detected; waiting
[2026-04-22T07:09:16+08:00] topk_baseline: active process detected; waiting
[2026-04-22T07:10:16+08:00] topk_baseline: active process detected; waiting
[2026-04-22T07:11:16+08:00] topk_baseline: active process detected; waiting
[2026-04-22T07:12:16+08:00] topk_baseline: active process detected; waiting
[2026-04-22T07:13:17+08:00] topk_baseline: active process detected; waiting
[2026-04-22T07:14:17+08:00] topk_baseline: active process detected; waiting
[2026-04-22T07:15:17+08:00] topk_baseline: active process detected; waiting
[2026-04-22T07:16:17+08:00] topk_baseline: active process detected; waiting
[2026-04-22T07:17:17+08:00] topk_baseline: active process detected; waiting
[2026-04-22T07:18:17+08:00] topk_baseline: active process detected; waiting
[2026-04-22T07:19:18+08:00] topk_baseline: active process detected; waiting
[2026-04-22T07:20:18+08:00] topk_baseline: active process detected; waiting
[2026-04-22T07:21:18+08:00] topk_baseline: active process detected; waiting
[2026-04-22T07:22:18+08:00] topk_baseline: active process detected; waiting
[2026-04-22T07:23:18+08:00] topk_baseline: active process detected; waiting
[2026-04-22T07:24:18+08:00] topk_baseline: active process detected; waiting
[2026-04-22T07:25:19+08:00] topk_baseline: active process detected; waiting
[2026-04-22T07:26:19+08:00] topk_baseline: active process detected; waiting
[2026-04-22T07:27:19+08:00] topk_baseline: active process detected; waiting
[2026-04-22T07:28:19+08:00] topk_baseline: active process detected; waiting
[2026-04-22T07:29:19+08:00] topk_baseline: active process detected; waiting
[2026-04-22T07:30:19+08:00] topk_baseline: active process detected; waiting
[2026-04-22T07:31:20+08:00] topk_baseline: active process detected; waiting
[2026-04-22T07:32:20+08:00] topk_baseline: active process detected; waiting
[2026-04-22T07:33:20+08:00] topk_baseline: active process detected; waiting
[2026-04-22T07:34:20+08:00] topk_baseline: active process detected; waiting
[2026-04-22T07:35:20+08:00] topk_baseline: active process detected; waiting
[2026-04-22T07:36:20+08:00] topk_baseline: active process detected; waiting
[2026-04-22T07:37:21+08:00] topk_baseline: active process detected; waiting
[2026-04-22T07:38:21+08:00] topk_baseline: active process detected; waiting
[2026-04-22T07:39:21+08:00] topk_baseline: completed
[2026-04-22T07:39:21+08:00] sparsemax_only: launching /home/maozhifang/miniconda3/bin/python /mnt/nvme/projects/R-HAN/outputs/stage2_final_design_topk_sparsemax_ablation_20260421_232930/code/sparsemax_source/Stage2-GCR+/run_stage2_gcr_plus_parallel.py --data-root /mnt/nvme/projects/R-HAN/dataset/mas_treesearch_aflow_four_20260318 --output-root /mnt/nvme/projects/R-HAN/outputs/stage2_final_design_topk_sparsemax_ablation_20260421_232930/sparsemax_mbpp_humaneval_3x --dataset mbpp --dataset humaneval --workers 3 --mode 3x --router-port 8102 --python-bin /home/maozhifang/miniconda3/bin/python --train-script train_mas_stage2_v4_4_target_suite.py --cwd /mnt/nvme/projects/R-HAN/outputs/stage2_final_design_topk_sparsemax_ablation_20260421_232930/code/sparsemax_source --x3-backend b1=http://127.0.0.1:8041@1 --x3-backend b2=http://127.0.0.1:8042@1 --x3-backend b3=http://127.0.0.1:8043@1 --train-arg=--resume --train-arg=--seed 7 --train-arg=--search-iterations 8 --train-arg=--candidate-core-k 4 --train-arg=--candidate-explore-k 3 --train-arg=--candidate-max-k 8 --train-arg=--tier1-repeats 1 --train-arg=--tier2-repeats 1 --train-arg=--stage2-turn-count 5 --train-arg=--memory-top-k 4 --train-arg=--soft-prune-top-k 3 --train-arg=--soft-prune-threshold 0.38 --train-arg=--hard-prune-after-turn 4 --train-arg=--periodic-every 1000000 --train-arg=--periodic-size 0 --train-arg=--max-train -1 --train-arg=--max-validation 0 --train-arg=--max-test 0 --train-arg=--stage1-checkpoint-root /mnt/nvme/projects/R-HAN/outputs/stage1_selected_ckpts_v2_20260330 --train-arg=--tier1-max-tokens 256 --train-arg=--tier2-max-tokens 896
{
  "mode_requested": "3x",
  "mode_resolved": "3x",
  "mbpp_gate": {
    "ready": false,
    "status": "missing",
    "reason": "mbpp progress path not provided",
    "progress_path": ""
  },
  "datasets": [
    "mbpp",
    "humaneval"
  ],
  "workers": 3,
  "base_url": "http://127.0.0.1:8102",
  "train_script": "train_mas_stage2_v4_4_target_suite.py",
  "worker_results": [
    {
      "worker_index": 0,
      "command": [
        "/home/maozhifang/miniconda3/bin/python",
        "train_mas_stage2_v4_4_target_suite.py",
        "--data-root",
        "/mnt/nvme/projects/R-HAN/outputs/stage2_final_design_topk_sparsemax_ablation_20260421_232930/sparsemax_mbpp_humaneval_3x/sample_shards/shard_0",
        "--output-root",
        "/mnt/nvme/projects/R-HAN/outputs/stage2_final_design_topk_sparsemax_ablation_20260421_232930/sparsemax_mbpp_humaneval_3x/workers/worker_0",
        "--dataset",
        "mbpp",
        "--dataset",
        "humaneval",
        "--resume",
        "--seed",
        "7",
        "--search-iterations",
        "8",
        "--candidate-core-k",
        "4",
        "--candidate-explore-k",
        "3",
        "--candidate-max-k",
        "8",
        "--tier1-repeats",
        "1",
        "--tier2-repeats",
        "1",
        "--stage2-turn-count",
        "5",
        "--memory-top-k",
        "4",
        "--soft-prune-top-k",
        "3",
        "--soft-prune-threshold",
        "0.38",
        "--hard-prune-after-turn",
        "4",
        "--periodic-every",
        "1000000",
        "--periodic-size",
        "0",
        "--max-train",
        "-1",
        "--max-validation",
        "0",
        "--max-test",
        "0",
        "--stage1-checkpoint-root",
        "/mnt/nvme/projects/R-HAN/outputs/stage1_selected_ckpts_v2_20260330",
        "--tier1-max-tokens",
        "256",
        "--tier2-max-tokens",
        "896"
      ],
      "log_path": "/mnt/nvme/projects/R-HAN/outputs/stage2_final_design_topk_sparsemax_ablation_20260421_232930/sparsemax_mbpp_humaneval_3x/logs/worker_0.log",
      "returncode": 0,
      "base_url": "http://127.0.0.1:8102"
    },
    {
      "worker_index": 1,
      "command": [
        "/home/maozhifang/miniconda3/bin/python",
        "train_mas_stage2_v4_4_target_suite.py",
        "--data-root",
        "/mnt/nvme/projects/R-HAN/outputs/stage2_final_design_topk_sparsemax_ablation_20260421_232930/sparsemax_mbpp_humaneval_3x/sample_shards/shard_1",
        "--output-root",
        "/mnt/nvme/projects/R-HAN/outputs/stage2_final_design_topk_sparsemax_ablation_20260421_232930/sparsemax_mbpp_humaneval_3x/workers/worker_1",
        "--dataset",
        "mbpp",
        "--dataset",
        "humaneval",
        "--resume",
        "--seed",
        "7",
        "--search-iterations",
        "8",
        "--candidate-core-k",
        "4",
        "--candidate-explore-k",
        "3",
        "--candidate-max-k",
        "8",
        "--tier1-repeats",
        "1",
        "--tier2-repeats",
        "1",
        "--stage2-turn-count",
        "5",
        "--memory-top-k",
        "4",
        "--soft-prune-top-k",
        "3",
        "--soft-prune-threshold",
        "0.38",
        "--hard-prune-after-turn",
        "4",
        "--periodic-every",
        "1000000",
        "--periodic-size",
        "0",
        "--max-train",
        "-1",
        "--max-validation",
        "0",
        "--max-test",
        "0",
        "--stage1-checkpoint-root",
        "/mnt/nvme/projects/R-HAN/outputs/stage1_selected_ckpts_v2_20260330",
        "--tier1-max-tokens",
        "256",
        "--tier2-max-tokens",
        "896"
      ],
      "log_path": "/mnt/nvme/projects/R-HAN/outputs/stage2_final_design_topk_sparsemax_ablation_20260421_232930/sparsemax_mbpp_humaneval_3x/logs/worker_1.log",
      "returncode": 0,
      "base_url": "http://127.0.0.1:8102"
    },
    {
      "worker_index": 2,
      "command": [
        "/home/maozhifang/miniconda3/bin/python",
        "train_mas_stage2_v4_4_target_suite.py",
        "--data-root",
        "/mnt/nvme/projects/R-HAN/outputs/stage2_final_design_topk_sparsemax_ablation_20260421_232930/sparsemax_mbpp_humaneval_3x/sample_shards/shard_2",
        "--output-root",
        "/mnt/nvme/projects/R-HAN/outputs/stage2_final_design_topk_sparsemax_ablation_20260421_232930/sparsemax_mbpp_humaneval_3x/workers/worker_2",
        "--dataset",
        "mbpp",
        "--dataset",
        "humaneval",
        "--resume",
        "--seed",
        "7",
        "--search-iterations",
        "8",
        "--candidate-core-k",
        "4",
        "--candidate-explore-k",
        "3",
        "--candidate-max-k",
        "8",
        "--tier1-repeats",
        "1",
        "--tier2-repeats",
        "1",
        "--stage2-turn-count",
        "5",
        "--memory-top-k",
        "4",
        "--soft-prune-top-k",
        "3",
        "--soft-prune-threshold",
        "0.38",
        "--hard-prune-after-turn",
        "4",
        "--periodic-every",
        "1000000",
        "--periodic-size",
        "0",
        "--max-train",
        "-1",
        "--max-validation",
        "0",
        "--max-test",
        "0",
        "--stage1-checkpoint-root",
        "/mnt/nvme/projects/R-HAN/outputs/stage1_selected_ckpts_v2_20260330",
        "--tier1-max-tokens",
        "256",
        "--tier2-max-tokens",
        "896"
      ],
      "log_path": "/mnt/nvme/projects/R-HAN/outputs/stage2_final_design_topk_sparsemax_ablation_20260421_232930/sparsemax_mbpp_humaneval_3x/logs/worker_2.log",
      "returncode": 0,
      "base_url": "http://127.0.0.1:8102"
    }
  ]
}
[2026-04-22T15:49:40+08:00] sparsemax_only: runner exited returncode=0
[2026-04-22T15:49:40+08:00] sparsemax_only: completed
[2026-04-22T15:49:40+08:00] all done
