
[rollback-blueprint] nlgraph: phase A teacher bank
[rollback-phaseA] dataset=nlgraph count=60 rerun_needed=30 avg_trace_len=9.85 avg_candidate_count=10.85

[rollback-blueprint] nlgraph: phase S1 verifier
[rollback-phaseS1] loss=0.6527 acc=0.9167 positive_rate=0.5000 avg_anchor_typed_support=0.8473
[rollback-debug] phase=s1_bootstrap id=nlgraph:train-00000-of-00001-32f6e22687881657:327 teacher_j=1 pred_j=2 support_top=[('super_sink', 0.15971986949443817), ('solver@reasoner', 0.15924672782421112)] answer_top=[('super_sink', 0.20583342015743256), ('global_controller', 0.15940417349338531)] null_emit=0.0728 winner=0
[rollback-debug] phase=s1_bootstrap id=nlgraph:train-00000-of-00001-32f6e22687881657:1607 teacher_j=0 pred_j=1 support_top=[('global_controller', 0.15403367578983307), ('super_sink', 0.13427072763442993)] answer_top=[('super_sink', 0.19850309193134308), ('global_controller', 0.16610515117645264)] null_emit=0.0666 winner=0
[rollback-debug] phase=s1_bootstrap id=nlgraph:train-00000-of-00001-32f6e22687881657:260 teacher_j=0 pred_j=1 support_top=[('super_sink', 0.20323345065116882), ('global_controller', 0.18793687224388123)] answer_top=[('super_sink', 0.2532806992530823), ('global_controller', 0.19344882667064667)] null_emit=0.0893 winner=0

[rollback-blueprint] nlgraph: phase S2 boundary
[rollback-phaseS2] loss=2.3741 acc=0.5000 no_rerun_rate=0.0000 avg_pred_boundary=1.00
[rollback-debug] phase=s2_boundary id=nlgraph:train-00000-of-00001-32f6e22687881657:327 teacher_j=1 pred_j=1 support_top=[('global_controller', 0.20168070495128632), ('super_sink', 0.16854017972946167)] answer_top=[('super_sink', 0.20229977369308472), ('global_controller', 0.15931209921836853)] null_emit=0.0549 winner=0
[rollback-debug] phase=s2_boundary id=nlgraph:train-00000-of-00001-32f6e22687881657:1607 teacher_j=0 pred_j=1 support_top=[('global_controller', 0.20434579253196716), ('super_sink', 0.13388033211231232)] answer_top=[('super_sink', 0.19443830847740173), ('global_controller', 0.16435791552066803)] null_emit=0.0503 winner=0
[rollback-debug] phase=s2_boundary id=nlgraph:train-00000-of-00001-32f6e22687881657:260 teacher_j=0 pred_j=1 support_top=[('global_controller', 0.22708101570606232), ('super_sink', 0.19461390376091003)] answer_top=[('super_sink', 0.24866263568401337), ('global_controller', 0.19366827607154846)] null_emit=0.0672 winner=0

[rollback-blueprint] nlgraph: phase S3/S4 diffusion
[rollback-phaseS34] loss_sup=0.4856 loss_ans=0.3425 entropy_sup=2.1030 entropy_ans=2.1532
[rollback-debug] phase=s34_diffusion id=nlgraph:train-00000-of-00001-32f6e22687881657:327 teacher_j=1 pred_j=1 support_top=[('global_controller', 0.17026883363723755), ('super_sink', 0.16479600965976715)] answer_top=[('super_sink', 0.19785629212856293), ('global_controller', 0.1556442230939865)] null_emit=0.0882 winner=0
[rollback-debug] phase=s34_diffusion id=nlgraph:train-00000-of-00001-32f6e22687881657:1607 teacher_j=0 pred_j=1 support_top=[('global_controller', 0.17613433301448822), ('super_sink', 0.1342657059431076)] answer_top=[('super_sink', 0.1887962371110916), ('global_controller', 0.15907694399356842)] null_emit=0.0806 winner=0
[rollback-debug] phase=s34_diffusion id=nlgraph:train-00000-of-00001-32f6e22687881657:260 teacher_j=0 pred_j=1 support_top=[('global_controller', 0.2042788863182068), ('super_sink', 0.19894282519817352)] answer_top=[('super_sink', 0.2436729371547699), ('global_controller', 0.18928460776805878)] null_emit=0.1085 winner=0

[rollback-blueprint] nlgraph: phase S4/S5 emitter+selector
[rollback-phaseS45] loss_emit=1.9247 loss_sel=1.1881 null_emit_rate=1.0000 anchor_select_rate=1.0000
[rollback-debug] phase=s45_selector id=nlgraph:train-00000-of-00001-32f6e22687881657:327 teacher_j=1 pred_j=1 support_top=[('global_controller', 0.17026883363723755), ('super_sink', 0.16479600965976715)] answer_top=[('super_sink', 0.19785629212856293), ('global_controller', 0.1556442230939865)] null_emit=0.1208 winner=0
[rollback-debug] phase=s45_selector id=nlgraph:train-00000-of-00001-32f6e22687881657:1607 teacher_j=0 pred_j=1 support_top=[('global_controller', 0.17613433301448822), ('super_sink', 0.1342657059431076)] answer_top=[('super_sink', 0.1887962371110916), ('global_controller', 0.15907694399356842)] null_emit=0.1109 winner=0
[rollback-debug] phase=s45_selector id=nlgraph:train-00000-of-00001-32f6e22687881657:260 teacher_j=0 pred_j=1 support_top=[('global_controller', 0.2042788863182068), ('super_sink', 0.19894282519817352)] answer_top=[('super_sink', 0.2436729371547699), ('global_controller', 0.18928460776805878)] null_emit=0.1470 winner=0
[rollback-done] dataset=nlgraph metrics={"dataset": "nlgraph", "seed": 7, "device": "cuda", "count": 60, "rerun_needed_count": 30, "avg_trace_len": 9.85, "avg_candidate_count": 10.85, "verifier_loss": 0.652745246887207, "verifier_accuracy": 0.9166666865348816, "boundary_loss": 2.3741043468316394, "boundary_accuracy": 0.5, "boundary_no_rerun_rate": 0.0, "diffusion_loss_sup": 0.4855793945491314, "diffusion_loss_ans": 0.34250327944755554, "selector_loss_emit": 1.9247413833936056, "selector_loss_sel": 1.1880598763624828, "selector_null_emit_rate": 1.0, "selector_anchor_select_rate": 1.0, "elapsed_s": 109.17917060852051}
