
[rollback-blueprint] nlgraph: phase A teacher bank
[rollback-phaseA] dataset=nlgraph count=60 rerun_needed=28 avg_trace_len=9.70 avg_candidate_count=10.70

[rollback-blueprint] nlgraph: phase S1 verifier
[rollback-phaseS1] loss=0.6070 acc=1.0000 positive_rate=0.4667 avg_anchor_typed_support=0.7973
[rollback-debug] phase=s1_bootstrap id=nlgraph:test-00000-of-00001-9be21117f93ba450:634 teacher_j=1 pred_j=9 support_top=[('global_controller', 0.19557978212833405), ('super_sink', 0.186880961060524)] answer_top=[('super_sink', 0.22701740264892578), ('global_controller', 0.17886856198310852)] null_emit=0.1138 winner=0
[rollback-debug] phase=s1_bootstrap id=nlgraph:test-00000-of-00001-9be21117f93ba450:21 teacher_j=1 pred_j=9 support_top=[('global_controller', 0.23031657934188843), ('super_sink', 0.1777258962392807)] answer_top=[('super_sink', 0.20831428468227386), ('reviser@summarizer', 0.2019965648651123)] null_emit=0.1135 winner=7
[rollback-debug] phase=s1_bootstrap id=nlgraph:train-00000-of-00001-32f6e22687881657:855 teacher_j=0 pred_j=9 support_top=[('global_controller', 0.18395237624645233), ('super_sink', 0.1754281222820282)] answer_top=[('super_sink', 0.19885461032390594), ('aggregator@verifier', 0.18680977821350098)] null_emit=0.1138 winner=0

[rollback-blueprint] nlgraph: phase S2 boundary
[rollback-phaseS2] loss=2.3707 acc=0.4667 no_rerun_rate=0.0000 avg_pred_boundary=1.00
[rollback-debug] phase=s2_boundary id=nlgraph:test-00000-of-00001-9be21117f93ba450:634 teacher_j=1 pred_j=1 support_top=[('global_controller', 0.2387285679578781), ('super_sink', 0.18380531668663025)] answer_top=[('super_sink', 0.21909333765506744), ('global_controller', 0.17609001696109772)] null_emit=0.0867 winner=0
[rollback-debug] phase=s2_boundary id=nlgraph:test-00000-of-00001-9be21117f93ba450:21 teacher_j=1 pred_j=1 support_top=[('global_controller', 0.20798011124134064), ('super_sink', 0.18756870925426483)] answer_top=[('reviser@summarizer', 0.20536485314369202), ('super_sink', 0.1992143839597702)] null_emit=0.0807 winner=0
[rollback-debug] phase=s2_boundary id=nlgraph:train-00000-of-00001-32f6e22687881657:855 teacher_j=0 pred_j=1 support_top=[('global_controller', 0.23250871896743774), ('super_sink', 0.17622630298137665)] answer_top=[('super_sink', 0.19041448831558228), ('aggregator@verifier', 0.18641626834869385)] null_emit=0.0868 winner=0

[rollback-blueprint] nlgraph: phase S3/S4 diffusion
[rollback-phaseS34] loss_sup=0.4536 loss_ans=0.3274 entropy_sup=2.0827 entropy_ans=2.1487
[rollback-debug] phase=s34_diffusion id=nlgraph:test-00000-of-00001-9be21117f93ba450:634 teacher_j=1 pred_j=1 support_top=[('global_controller', 0.1895606815814972), ('super_sink', 0.1882479339838028)] answer_top=[('super_sink', 0.21590490639209747), ('global_controller', 0.1711488515138626)] null_emit=0.1258 winner=0
[rollback-debug] phase=s34_diffusion id=nlgraph:test-00000-of-00001-9be21117f93ba450:21 teacher_j=1 pred_j=1 support_top=[('super_sink', 0.18600037693977356), ('global_controller', 0.1845710426568985)] answer_top=[('reviser@summarizer', 0.2066105753183365), ('super_sink', 0.19567643105983734)] null_emit=0.1338 winner=0
[rollback-debug] phase=s34_diffusion id=nlgraph:train-00000-of-00001-32f6e22687881657:855 teacher_j=0 pred_j=1 support_top=[('global_controller', 0.1794562190771103), ('super_sink', 0.17666901648044586)] answer_top=[('aggregator@verifier', 0.1874774545431137), ('super_sink', 0.1868719905614853)] null_emit=0.1257 winner=0

[rollback-blueprint] nlgraph: phase S4/S5 emitter+selector
[rollback-phaseS45] loss_emit=1.6409 loss_sel=1.2035 null_emit_rate=1.0000 anchor_select_rate=1.0000
[rollback-debug] phase=s45_selector id=nlgraph:test-00000-of-00001-9be21117f93ba450:634 teacher_j=1 pred_j=1 support_top=[('global_controller', 0.1895606815814972), ('super_sink', 0.1882479339838028)] answer_top=[('super_sink', 0.21590490639209747), ('global_controller', 0.1711488515138626)] null_emit=0.2896 winner=0
[rollback-debug] phase=s45_selector id=nlgraph:test-00000-of-00001-9be21117f93ba450:21 teacher_j=1 pred_j=1 support_top=[('super_sink', 0.18600037693977356), ('global_controller', 0.1845710426568985)] answer_top=[('reviser@summarizer', 0.2066105753183365), ('super_sink', 0.19567643105983734)] null_emit=0.2682 winner=0
[rollback-debug] phase=s45_selector id=nlgraph:train-00000-of-00001-32f6e22687881657:855 teacher_j=0 pred_j=1 support_top=[('global_controller', 0.1794562190771103), ('super_sink', 0.17666901648044586)] answer_top=[('aggregator@verifier', 0.1874774545431137), ('super_sink', 0.1868719905614853)] null_emit=0.2904 winner=0
[rollback-done] dataset=nlgraph metrics={"dataset": "nlgraph", "seed": 201, "device": "cuda", "count": 60, "rerun_needed_count": 28, "avg_trace_len": 9.7, "avg_candidate_count": 10.7, "verifier_loss": 0.6069983243942261, "verifier_accuracy": 1.0, "boundary_loss": 2.3706550200780234, "boundary_accuracy": 0.4666666666666667, "boundary_no_rerun_rate": 0.0, "diffusion_loss_sup": 0.4535516162713369, "diffusion_loss_ans": 0.3274098042398691, "selector_loss_emit": 1.6408704817295074, "selector_loss_sel": 1.2035443196694056, "selector_null_emit_rate": 1.0, "selector_anchor_select_rate": 1.0, "elapsed_s": 409.017778635025}
