
[rollback-blueprint] nlgraph: phase A teacher bank
[rollback-phaseA] dataset=nlgraph count=60 rerun_needed=29 avg_trace_len=9.75 avg_candidate_count=10.75

[rollback-blueprint] nlgraph: phase S1 verifier
[rollback-phaseS1] loss=0.6582 acc=1.0000 positive_rate=0.4833 avg_anchor_typed_support=0.8500
[rollback-debug] phase=s1_bootstrap id=nlgraph:train-00000-of-00001-32f6e22687881657:105 teacher_j=0 pred_j=1 support_top=[('global_controller', 0.1364925056695938), ('super_sink', 0.13413603603839874)] answer_top=[('super_sink', 0.18566761910915375), ('global_controller', 0.15673497319221497)] null_emit=0.0826 winner=0
[rollback-debug] phase=s1_bootstrap id=nlgraph:train-00000-of-00001-32f6e22687881657:1557 teacher_j=0 pred_j=2 support_top=[('solver@reasoner', 0.17211580276489258), ('verifier@verifier', 0.17211580276489258)] answer_top=[('super_sink', 0.20921969413757324), ('global_controller', 0.1631854772567749)] null_emit=0.0991 winner=0
[rollback-debug] phase=s1_bootstrap id=nlgraph:train-00000-of-00001-32f6e22687881657:4200 teacher_j=1 pred_j=3 support_top=[('super_sink', 0.17173491418361664), ('global_controller', 0.1363898664712906)] answer_top=[('super_sink', 0.2061636745929718), ('global_controller', 0.1630222648382187)] null_emit=0.0920 winner=0

[rollback-blueprint] nlgraph: phase S2 boundary
[rollback-phaseS2] loss=2.3785 acc=0.4833 no_rerun_rate=0.0000 avg_pred_boundary=1.00
[rollback-debug] phase=s2_boundary id=nlgraph:train-00000-of-00001-32f6e22687881657:105 teacher_j=0 pred_j=1 support_top=[('super_sink', 0.134468212723732), ('verifier@verifier', 0.13126400113105774)] answer_top=[('super_sink', 0.1969396322965622), ('global_controller', 0.16510890424251556)] null_emit=0.0987 winner=0
[rollback-debug] phase=s2_boundary id=nlgraph:train-00000-of-00001-32f6e22687881657:1557 teacher_j=0 pred_j=1 support_top=[('solver@reasoner', 0.18806128203868866), ('verifier@verifier', 0.18806128203868866)] answer_top=[('super_sink', 0.21724247932434082), ('global_controller', 0.16735967993736267)] null_emit=0.1190 winner=0
[rollback-debug] phase=s2_boundary id=nlgraph:train-00000-of-00001-32f6e22687881657:4200 teacher_j=1 pred_j=1 support_top=[('super_sink', 0.16686762869358063), ('critic@verifier', 0.1400982141494751)] answer_top=[('super_sink', 0.21728317439556122), ('global_controller', 0.17053145170211792)] null_emit=0.1090 winner=0

[rollback-blueprint] nlgraph: phase S3/S4 diffusion
[rollback-phaseS34] loss_sup=0.4656 loss_ans=0.3337 entropy_sup=2.0906 entropy_ans=2.1426
[rollback-debug] phase=s34_diffusion id=nlgraph:train-00000-of-00001-32f6e22687881657:105 teacher_j=0 pred_j=1 support_top=[('global_controller', 0.17541973292827606), ('super_sink', 0.13412335515022278)] answer_top=[('super_sink', 0.18847906589508057), ('global_controller', 0.15764786303043365)] null_emit=0.0759 winner=0
[rollback-debug] phase=s34_diffusion id=nlgraph:train-00000-of-00001-32f6e22687881657:1557 teacher_j=0 pred_j=1 support_top=[('global_controller', 0.1802813559770584), ('super_sink', 0.17593029141426086)] answer_top=[('super_sink', 0.21075905859470367), ('global_controller', 0.1631038635969162)] null_emit=0.0912 winner=0
[rollback-debug] phase=s34_diffusion id=nlgraph:train-00000-of-00001-32f6e22687881657:4200 teacher_j=1 pred_j=1 support_top=[('global_controller', 0.17931953072547913), ('super_sink', 0.17605875432491302)] answer_top=[('super_sink', 0.20824865996837616), ('global_controller', 0.16372086107730865)] null_emit=0.0826 winner=0

[rollback-blueprint] nlgraph: phase S4/S5 emitter+selector
[rollback-phaseS45] loss_emit=1.9058 loss_sel=1.1850 null_emit_rate=0.9667 anchor_select_rate=1.0000
[rollback-debug] phase=s45_selector id=nlgraph:train-00000-of-00001-32f6e22687881657:105 teacher_j=0 pred_j=1 support_top=[('global_controller', 0.17541973292827606), ('super_sink', 0.13412335515022278)] answer_top=[('super_sink', 0.18847906589508057), ('global_controller', 0.15764786303043365)] null_emit=0.0894 winner=0
[rollback-debug] phase=s45_selector id=nlgraph:train-00000-of-00001-32f6e22687881657:1557 teacher_j=0 pred_j=1 support_top=[('global_controller', 0.1802813559770584), ('super_sink', 0.17593029141426086)] answer_top=[('super_sink', 0.21075905859470367), ('global_controller', 0.1631038635969162)] null_emit=0.1069 winner=0
[rollback-debug] phase=s45_selector id=nlgraph:train-00000-of-00001-32f6e22687881657:4200 teacher_j=1 pred_j=1 support_top=[('global_controller', 0.17931953072547913), ('super_sink', 0.17605875432491302)] answer_top=[('super_sink', 0.20824865996837616), ('global_controller', 0.16372086107730865)] null_emit=0.0979 winner=0
[rollback-done] dataset=nlgraph metrics={"dataset": "nlgraph", "seed": 104, "device": "cuda", "count": 60, "rerun_needed_count": 29, "avg_trace_len": 9.75, "avg_candidate_count": 10.75, "verifier_loss": 0.658179521560669, "verifier_accuracy": 1.0, "boundary_loss": 2.3785292665163675, "boundary_accuracy": 0.48333333333333334, "boundary_no_rerun_rate": 0.0, "diffusion_loss_sup": 0.4656400062143803, "diffusion_loss_ans": 0.33365085497498514, "selector_loss_emit": 1.9057722787062328, "selector_loss_sel": 1.1850412289301555, "selector_null_emit_rate": 0.9666666666666667, "selector_anchor_select_rate": 1.0, "elapsed_s": 101.46649527549744}
