{
  "mode_requested": "3x",
  "mode_resolved": "3x",
  "mbpp_gate": {
    "ready": false,
    "status": "missing",
    "reason": "mbpp progress path not provided",
    "progress_path": ""
  },
  "datasets": [
    "knowledge_crosswords"
  ],
  "workers": 3,
  "base_url": "http://127.0.0.1:8133",
  "train_script": "train_mas_stage2_v4_4_target_suite.py",
  "worker_results": [
    {
      "worker_index": 0,
      "command": [
        "/home/maozhifang/miniconda3/bin/python",
        "train_mas_stage2_v4_4_target_suite.py",
        "--data-root",
        "/mnt/nvme/projects/R-HAN/outputs/stage2_final_design_structural_constraints_qwen_kc_goldfilter_stage1ckpt_360_20260427_222632/structural_constraints_kc_3x/sample_shards/shard_0",
        "--output-root",
        "/mnt/nvme/projects/R-HAN/outputs/stage2_final_design_structural_constraints_qwen_kc_goldfilter_stage1ckpt_360_20260427_222632/structural_constraints_kc_3x/workers/worker_0",
        "--dataset",
        "knowledge_crosswords",
        "--seed",
        "7",
        "--search-iterations",
        "8",
        "--candidate-core-k",
        "4",
        "--candidate-explore-k",
        "3",
        "--candidate-max-k",
        "8",
        "--tier1-repeats",
        "1",
        "--tier2-repeats",
        "1",
        "--stage2-turn-count",
        "5",
        "--memory-top-k",
        "4",
        "--soft-prune-top-k",
        "3",
        "--soft-prune-threshold",
        "0.38",
        "--hard-prune-after-turn",
        "4",
        "--periodic-every",
        "1000000",
        "--periodic-size",
        "0",
        "--max-train",
        "120",
        "--max-validation",
        "0",
        "--max-test",
        "0",
        "--stage1-checkpoint-root",
        "/mnt/nvme/projects/R-HAN/outputs/mas_treesearch_general_threeway_bg_20260319_123300/knowledge_crosswords",
        "--tier1-max-tokens",
        "256",
        "--tier2-max-tokens",
        "896"
      ],
      "log_path": "/mnt/nvme/projects/R-HAN/outputs/stage2_final_design_structural_constraints_qwen_kc_goldfilter_stage1ckpt_360_20260427_222632/structural_constraints_kc_3x/logs/worker_0.log",
      "returncode": 0,
      "base_url": "http://127.0.0.1:8133"
    },
    {
      "worker_index": 1,
      "command": [
        "/home/maozhifang/miniconda3/bin/python",
        "train_mas_stage2_v4_4_target_suite.py",
        "--data-root",
        "/mnt/nvme/projects/R-HAN/outputs/stage2_final_design_structural_constraints_qwen_kc_goldfilter_stage1ckpt_360_20260427_222632/structural_constraints_kc_3x/sample_shards/shard_1",
        "--output-root",
        "/mnt/nvme/projects/R-HAN/outputs/stage2_final_design_structural_constraints_qwen_kc_goldfilter_stage1ckpt_360_20260427_222632/structural_constraints_kc_3x/workers/worker_1",
        "--dataset",
        "knowledge_crosswords",
        "--seed",
        "7",
        "--search-iterations",
        "8",
        "--candidate-core-k",
        "4",
        "--candidate-explore-k",
        "3",
        "--candidate-max-k",
        "8",
        "--tier1-repeats",
        "1",
        "--tier2-repeats",
        "1",
        "--stage2-turn-count",
        "5",
        "--memory-top-k",
        "4",
        "--soft-prune-top-k",
        "3",
        "--soft-prune-threshold",
        "0.38",
        "--hard-prune-after-turn",
        "4",
        "--periodic-every",
        "1000000",
        "--periodic-size",
        "0",
        "--max-train",
        "120",
        "--max-validation",
        "0",
        "--max-test",
        "0",
        "--stage1-checkpoint-root",
        "/mnt/nvme/projects/R-HAN/outputs/mas_treesearch_general_threeway_bg_20260319_123300/knowledge_crosswords",
        "--tier1-max-tokens",
        "256",
        "--tier2-max-tokens",
        "896"
      ],
      "log_path": "/mnt/nvme/projects/R-HAN/outputs/stage2_final_design_structural_constraints_qwen_kc_goldfilter_stage1ckpt_360_20260427_222632/structural_constraints_kc_3x/logs/worker_1.log",
      "returncode": 0,
      "base_url": "http://127.0.0.1:8133"
    },
    {
      "worker_index": 2,
      "command": [
        "/home/maozhifang/miniconda3/bin/python",
        "train_mas_stage2_v4_4_target_suite.py",
        "--data-root",
        "/mnt/nvme/projects/R-HAN/outputs/stage2_final_design_structural_constraints_qwen_kc_goldfilter_stage1ckpt_360_20260427_222632/structural_constraints_kc_3x/sample_shards/shard_2",
        "--output-root",
        "/mnt/nvme/projects/R-HAN/outputs/stage2_final_design_structural_constraints_qwen_kc_goldfilter_stage1ckpt_360_20260427_222632/structural_constraints_kc_3x/workers/worker_2",
        "--dataset",
        "knowledge_crosswords",
        "--seed",
        "7",
        "--search-iterations",
        "8",
        "--candidate-core-k",
        "4",
        "--candidate-explore-k",
        "3",
        "--candidate-max-k",
        "8",
        "--tier1-repeats",
        "1",
        "--tier2-repeats",
        "1",
        "--stage2-turn-count",
        "5",
        "--memory-top-k",
        "4",
        "--soft-prune-top-k",
        "3",
        "--soft-prune-threshold",
        "0.38",
        "--hard-prune-after-turn",
        "4",
        "--periodic-every",
        "1000000",
        "--periodic-size",
        "0",
        "--max-train",
        "120",
        "--max-validation",
        "0",
        "--max-test",
        "0",
        "--stage1-checkpoint-root",
        "/mnt/nvme/projects/R-HAN/outputs/mas_treesearch_general_threeway_bg_20260319_123300/knowledge_crosswords",
        "--tier1-max-tokens",
        "256",
        "--tier2-max-tokens",
        "896"
      ],
      "log_path": "/mnt/nvme/projects/R-HAN/outputs/stage2_final_design_structural_constraints_qwen_kc_goldfilter_stage1ckpt_360_20260427_222632/structural_constraints_kc_3x/logs/worker_2.log",
      "returncode": 0,
      "base_url": "http://127.0.0.1:8133"
    }
  ]
}
