[launch] 2026-04-25T12:26:32+08:00 run_root=/mnt/nvme/projects/R-HAN/outputs/stage2_final_design_bdc1ae0_rerun_repro_20260425_122539
[launch] source_root=/mnt/nvme/projects/R-HAN/outputs/stage2_final_design_bdc1ae0_rerun_repro_20260425_122539/code/slot_mask_phase2_source
[launch] output_root=/mnt/nvme/projects/R-HAN/outputs/stage2_final_design_bdc1ae0_rerun_repro_20260425_122539/slot_mask_phase2_mbpp_humaneval_3x
[launch] router_port=8114
[launch] mode=repro-no-resume
{
  "mode_requested": "3x",
  "mode_resolved": "3x",
  "mbpp_gate": {
    "ready": false,
    "status": "missing",
    "reason": "mbpp progress path not provided",
    "progress_path": ""
  },
  "datasets": [
    "mbpp",
    "humaneval"
  ],
  "workers": 3,
  "base_url": "http://127.0.0.1:8114",
  "train_script": "train_mas_stage2_v4_4_target_suite.py",
  "worker_results": [
    {
      "worker_index": 0,
      "command": [
        "/home/maozhifang/miniconda3/bin/python",
        "train_mas_stage2_v4_4_target_suite.py",
        "--data-root",
        "/mnt/nvme/projects/R-HAN/outputs/stage2_final_design_bdc1ae0_rerun_repro_20260425_122539/slot_mask_phase2_mbpp_humaneval_3x/sample_shards/shard_0",
        "--output-root",
        "/mnt/nvme/projects/R-HAN/outputs/stage2_final_design_bdc1ae0_rerun_repro_20260425_122539/slot_mask_phase2_mbpp_humaneval_3x/workers/worker_0",
        "--dataset",
        "mbpp",
        "--dataset",
        "humaneval",
        "--seed",
        "7",
        "--search-iterations",
        "8",
        "--candidate-core-k",
        "4",
        "--candidate-explore-k",
        "3",
        "--candidate-max-k",
        "8",
        "--tier1-repeats",
        "1",
        "--tier2-repeats",
        "1",
        "--stage2-turn-count",
        "5",
        "--memory-top-k",
        "4",
        "--soft-prune-top-k",
        "3",
        "--soft-prune-threshold",
        "0.38",
        "--hard-prune-after-turn",
        "4",
        "--periodic-every",
        "1000000",
        "--periodic-size",
        "0",
        "--max-train",
        "-1",
        "--max-validation",
        "0",
        "--max-test",
        "0",
        "--stage1-checkpoint-root",
        "/mnt/nvme/projects/R-HAN/outputs/stage1_selected_ckpts_v2_20260330",
        "--tier1-max-tokens",
        "256",
        "--tier2-max-tokens",
        "896"
      ],
      "log_path": "/mnt/nvme/projects/R-HAN/outputs/stage2_final_design_bdc1ae0_rerun_repro_20260425_122539/slot_mask_phase2_mbpp_humaneval_3x/logs/worker_0.log",
      "returncode": 0,
      "base_url": "http://127.0.0.1:8114"
    },
    {
      "worker_index": 1,
      "command": [
        "/home/maozhifang/miniconda3/bin/python",
        "train_mas_stage2_v4_4_target_suite.py",
        "--data-root",
        "/mnt/nvme/projects/R-HAN/outputs/stage2_final_design_bdc1ae0_rerun_repro_20260425_122539/slot_mask_phase2_mbpp_humaneval_3x/sample_shards/shard_1",
        "--output-root",
        "/mnt/nvme/projects/R-HAN/outputs/stage2_final_design_bdc1ae0_rerun_repro_20260425_122539/slot_mask_phase2_mbpp_humaneval_3x/workers/worker_1",
        "--dataset",
        "mbpp",
        "--dataset",
        "humaneval",
        "--seed",
        "7",
        "--search-iterations",
        "8",
        "--candidate-core-k",
        "4",
        "--candidate-explore-k",
        "3",
        "--candidate-max-k",
        "8",
        "--tier1-repeats",
        "1",
        "--tier2-repeats",
        "1",
        "--stage2-turn-count",
        "5",
        "--memory-top-k",
        "4",
        "--soft-prune-top-k",
        "3",
        "--soft-prune-threshold",
        "0.38",
        "--hard-prune-after-turn",
        "4",
        "--periodic-every",
        "1000000",
        "--periodic-size",
        "0",
        "--max-train",
        "-1",
        "--max-validation",
        "0",
        "--max-test",
        "0",
        "--stage1-checkpoint-root",
        "/mnt/nvme/projects/R-HAN/outputs/stage1_selected_ckpts_v2_20260330",
        "--tier1-max-tokens",
        "256",
        "--tier2-max-tokens",
        "896"
      ],
      "log_path": "/mnt/nvme/projects/R-HAN/outputs/stage2_final_design_bdc1ae0_rerun_repro_20260425_122539/slot_mask_phase2_mbpp_humaneval_3x/logs/worker_1.log",
      "returncode": 0,
      "base_url": "http://127.0.0.1:8114"
    },
    {
      "worker_index": 2,
      "command": [
        "/home/maozhifang/miniconda3/bin/python",
        "train_mas_stage2_v4_4_target_suite.py",
        "--data-root",
        "/mnt/nvme/projects/R-HAN/outputs/stage2_final_design_bdc1ae0_rerun_repro_20260425_122539/slot_mask_phase2_mbpp_humaneval_3x/sample_shards/shard_2",
        "--output-root",
        "/mnt/nvme/projects/R-HAN/outputs/stage2_final_design_bdc1ae0_rerun_repro_20260425_122539/slot_mask_phase2_mbpp_humaneval_3x/workers/worker_2",
        "--dataset",
        "mbpp",
        "--dataset",
        "humaneval",
        "--seed",
        "7",
        "--search-iterations",
        "8",
        "--candidate-core-k",
        "4",
        "--candidate-explore-k",
        "3",
        "--candidate-max-k",
        "8",
        "--tier1-repeats",
        "1",
        "--tier2-repeats",
        "1",
        "--stage2-turn-count",
        "5",
        "--memory-top-k",
        "4",
        "--soft-prune-top-k",
        "3",
        "--soft-prune-threshold",
        "0.38",
        "--hard-prune-after-turn",
        "4",
        "--periodic-every",
        "1000000",
        "--periodic-size",
        "0",
        "--max-train",
        "-1",
        "--max-validation",
        "0",
        "--max-test",
        "0",
        "--stage1-checkpoint-root",
        "/mnt/nvme/projects/R-HAN/outputs/stage1_selected_ckpts_v2_20260330",
        "--tier1-max-tokens",
        "256",
        "--tier2-max-tokens",
        "896"
      ],
      "log_path": "/mnt/nvme/projects/R-HAN/outputs/stage2_final_design_bdc1ae0_rerun_repro_20260425_122539/slot_mask_phase2_mbpp_humaneval_3x/logs/worker_2.log",
      "returncode": 0,
      "base_url": "http://127.0.0.1:8114"
    }
  ]
}
[launch-exit] 2026-04-25T20:33:36+08:00 returncode=0
[compare] 2026-04-25T20:33:36+08:00 baseline=/mnt/nvme/projects/R-HAN/outputs/stage2_final_design_slot_mask_phase2_20260423_094157/slot_mask_phase2_mbpp_humaneval_3x
[compare] candidate=/mnt/nvme/projects/R-HAN/outputs/stage2_final_design_bdc1ae0_rerun_repro_20260425_122539/slot_mask_phase2_mbpp_humaneval_3x
[compare-exit] 2026-04-25T20:33:36+08:00 returncode=0
