
[rollback-blueprint] math: phase A teacher bank
[rollback-phaseA] dataset=math count=60 rerun_needed=0 avg_trace_len=1.00 avg_candidate_count=2.00

[rollback-blueprint] math: phase S1 verifier
[rollback-phaseS1] loss=0.4761 acc=1.0000 positive_rate=0.0000 avg_anchor_typed_support=0.8444
[rollback-debug] phase=s1_bootstrap id=math:train:train/algebra/118 teacher_j=0 pred_j=1 support_top=[('fallback', 1.0)] answer_top=[('fallback', 1.0)] null_emit=0.5374 winner=0
[rollback-debug] phase=s1_bootstrap id=math:train:train/algebra/1237 teacher_j=0 pred_j=1 support_top=[('fallback', 1.0)] answer_top=[('fallback', 1.0)] null_emit=0.5374 winner=0
[rollback-debug] phase=s1_bootstrap id=math:train:train/algebra/1073 teacher_j=0 pred_j=1 support_top=[('fallback', 1.0)] answer_top=[('fallback', 1.0)] null_emit=0.5374 winner=0

[rollback-blueprint] math: phase S2 boundary
[rollback-phaseS2] loss=0.8044 acc=0.0000 no_rerun_rate=0.0000 avg_pred_boundary=1.00
[rollback-debug] phase=s2_boundary id=math:train:train/algebra/118 teacher_j=0 pred_j=1 support_top=[('fallback', 1.0)] answer_top=[('fallback', 1.0)] null_emit=0.4280 winner=0
[rollback-debug] phase=s2_boundary id=math:train:train/algebra/1237 teacher_j=0 pred_j=1 support_top=[('fallback', 1.0)] answer_top=[('fallback', 1.0)] null_emit=0.4280 winner=0
[rollback-debug] phase=s2_boundary id=math:train:train/algebra/1073 teacher_j=0 pred_j=1 support_top=[('fallback', 1.0)] answer_top=[('fallback', 1.0)] null_emit=0.4280 winner=0

[rollback-blueprint] math: phase S3/S4 diffusion
[rollback-phaseS34] loss_sup=0.0000 loss_ans=0.0000 entropy_sup=0.0000 entropy_ans=0.0000
[rollback-debug] phase=s34_diffusion id=math:train:train/algebra/118 teacher_j=0 pred_j=1 support_top=[('fallback', 1.0)] answer_top=[('fallback', 1.0)] null_emit=0.5046 winner=0
[rollback-debug] phase=s34_diffusion id=math:train:train/algebra/1237 teacher_j=0 pred_j=1 support_top=[('fallback', 1.0)] answer_top=[('fallback', 1.0)] null_emit=0.5046 winner=0
[rollback-debug] phase=s34_diffusion id=math:train:train/algebra/1073 teacher_j=0 pred_j=1 support_top=[('fallback', 1.0)] answer_top=[('fallback', 1.0)] null_emit=0.5046 winner=0

[rollback-blueprint] math: phase S4/S5 emitter+selector
[rollback-phaseS45] loss_emit=0.0004 loss_sel=0.0030 null_emit_rate=1.0000 anchor_select_rate=1.0000
[rollback-debug] phase=s45_selector id=math:train:train/algebra/118 teacher_j=0 pred_j=1 support_top=[('fallback', 1.0)] answer_top=[('fallback', 1.0)] null_emit=0.6562 winner=0
[rollback-debug] phase=s45_selector id=math:train:train/algebra/1237 teacher_j=0 pred_j=1 support_top=[('fallback', 1.0)] answer_top=[('fallback', 1.0)] null_emit=0.6562 winner=0
[rollback-debug] phase=s45_selector id=math:train:train/algebra/1073 teacher_j=0 pred_j=1 support_top=[('fallback', 1.0)] answer_top=[('fallback', 1.0)] null_emit=0.6562 winner=0
[rollback-done] dataset=math metrics={"dataset": "math", "seed": 201, "device": "cuda", "count": 60, "rerun_needed_count": 0, "avg_trace_len": 1.0, "avg_candidate_count": 2.0, "verifier_loss": 0.47609320282936096, "verifier_accuracy": 1.0, "boundary_loss": 0.8044497509797414, "boundary_accuracy": 0.0, "boundary_no_rerun_rate": 0.0, "diffusion_loss_sup": 0.0, "diffusion_loss_ans": 0.0, "selector_loss_emit": 0.00041135121136903763, "selector_loss_sel": 0.002965926192700863, "selector_null_emit_rate": 1.0, "selector_anchor_select_rate": 1.0, "elapsed_s": 131.43991541862488}
